---
source: tests/snapshots.rs
expression: buffer_to_string(&buf)
---
┌ 1D profile ────────────────┐
│░░░░░▒▒▒            █7.0    │
│                    █       │
│                    █       │
│                    █       │
│                    █0.0    │
│0 … 7                       │
└────────────────────────────┘
